00:00 +0: loading /Users/paras/Development/flutterprojects/vernet/test/ui/custom_tile_test.dart
00:00 +0: /Users/paras/Development/flutterprojects/vernet/test/ui/custom_tile_test.dart: CustomTile renders with leading and child widgets
00:00 +1: /Users/paras/Development/flutterprojects/vernet/test/ui/custom_tile_test.dart: CustomTile arranges leading and child horizontally
00:00 +2: /Users/paras/Development/flutterprojects/vernet/test/ui/custom_tile_test.dart: CustomTile has correct spacing
00:03 +3: /Users/paras/Development/flutterprojects/vernet/test/ui/settings_dialog/first_subnet_dialog_test.dart: FirstSubnetDialog widget can be instantiated
00:03 +4: /Users/paras/Development/flutterprojects/vernet/test/ui/settings_dialog/first_subnet_dialog_test.dart: FirstSubnetDialog is StatefulWidget
00:03 +5: /Users/paras/Development/flutterprojects/vernet/test/ui/settings_dialog/socket_timeout_dialog_test.dart: SocketTimeoutDialog widget can be instantiated
00:03 +6: /Users/paras/Development/flutterprojects/vernet/test/ui/settings_dialog/socket_timeout_dialog_test.dart: SocketTimeoutDialog is StatefulWidget
00:03 +7: /Users/paras/Development/flutterprojects/vernet/test/ui/settings_dialog/custom_subnet_dialog_test.dart: CustomSubnetDialog widget can be instantiated
00:03 +8: /Users/paras/Development/flutterprojects/vernet/test/ui/settings_dialog/custom_subnet_dialog_test.dart: CustomSubnetDialog is StatefulWidget
00:03 +9: /Users/paras/Development/flutterprojects/vernet/test/ui/settings_dialog/theme_dialog_test.dart: ThemeDialog widget can be instantiated
00:03 +10: /Users/paras/Development/flutterprojects/vernet/test/ui/settings_dialog/theme_dialog_test.dart: ThemeDialog is StatefulWidget
00:03 +11: /Users/paras/Development/flutterprojects/vernet/test/ui/settings_dialog/last_subnet_dialog_test.dart: LastSubnetDialog widget can be instantiated
00:03 +12: /Users/paras/Development/flutterprojects/vernet/test/ui/settings_dialog/last_subnet_dialog_test.dart: LastSubnetDialog is StatefulWidget
00:04 +13: /Users/paras/Development/flutterprojects/vernet/test/ui/settings_dialog/ping_count_dialog_test.dart: PingCountDialog widget can be instantiated
00:04 +14: /Users/paras/Development/flutterprojects/vernet/test/ui/settings_dialog/ping_count_dialog_test.dart: PingCountDialog is StatefulWidget
00:04 +15: /Users/paras/Development/flutterprojects/vernet/test/ui/popular_chip_test.dart: PopularChip renders with label text
00:04 +16: /Users/paras/Development/flutterprojects/vernet/test/ui/popular_chip_test.dart: PopularChip renders with label text
00:04 +17: /Users/paras/Development/flutterprojects/vernet/test/ui/popular_chip_test.dart: PopularChip renders with label text
00:04 +18: /Users/paras/Development/flutterprojects/vernet/test/ui/popular_chip_test.dart: PopularChip renders with label text
00:04 +19: /Users/paras/Development/flutterprojects/vernet/test/ui/popular_chip_test.dart: PopularChip renders with label text
00:05 +20: /Users/paras/Development/flutterprojects/vernet/test/ui/adaptive/adaptive_dialog_test.dart: AdaptiveDialog shows AlertDialog on non-iOS
00:05 +21: /Users/paras/Development/flutterprojects/vernet/test/ui/adaptive/adaptive_dialog_test.dart: AdaptiveDialog shows AlertDialog on non-iOS
00:05 +22: /Users/paras/Development/flutterprojects/vernet/test/ui/adaptive/adaptive_dialog_test.dart: AdaptiveDialog shows AlertDialog on non-iOS
00:05 +23: /Users/paras/Development/flutterprojects/vernet/test/ui/adaptive/adaptive_dialog_test.dart: AdaptiveDialog shows AlertDialog on non-iOS
00:05 +24: /Users/paras/Development/flutterprojects/vernet/test/ui/adaptive/adaptive_list_test.dart: AdaptiveListTile renders ListTile on non-iOS platforms
00:05 +25: /Users/paras/Development/flutterprojects/vernet/test/ui/adaptive/adaptive_radio_test.dart: AdaptiveRadioButton builds and changes value
00:05 +26: /Users/paras/Development/flutterprojects/vernet/test/ui/adaptive/adaptive_radio_test.dart: AdaptiveRadioButton builds and changes value
00:06 +27: /Users/paras/Development/flutterprojects/vernet/test/repository/drift_repository_test.dart: DeviceRepository put/get/getList/countByScanId works
00:06 +28: /Users/paras/Development/flutterprojects/vernet/test/repository/drift_repository_test.dart: ScanRepository put/get/getOnGoingScan works
00:06 +29: /Users/paras/Development/flutterprojects/vernet/test/providers/internet_provider_test.dart: InternetProvider fromMap parses provider and location correctly
00:06 +30: /Users/paras/Development/flutterprojects/vernet/test/repository/notification_service_test.dart: ReceivedNotification creates instance with all properties
00:06 +31: /Users/paras/Development/flutterprojects/vernet/test/repository/notification_service_test.dart: ReceivedNotification handles null title and body
00:06 +32: /Users/paras/Development/flutterprojects/vernet/test/repository/notification_service_test.dart: NotificationService id starts at 1 and increments
00:06 +33: /Users/paras/Development/flutterprojects/vernet/test/repository/notification_service_test.dart: NotificationService stream controllers are initialized
00:06 +34: /Users/paras/Development/flutterprojects/vernet/test/repository/notification_service_test.dart: NotificationService constants are defined correctly
00:06 +35: /Users/paras/Development/flutterprojects/vernet/test/providers/dark_theme_provider_test.dart: DarkThemeProvider default themePref is system
00:06 +36: /Users/paras/Development/flutterprojects/vernet/test/providers/dark_theme_provider_test.dart: DarkThemeProvider setting themePref to dark notifies listeners and darkTheme is true
00:06 +37: /Users/paras/Development/flutterprojects/vernet/test/providers/dark_theme_provider_test.dart: DarkThemeProvider setting themePref to light leads to darkTheme false
00:06 +38: /Users/paras/Development/flutterprojects/vernet/test/providers/dark_theme_provider_test.dart: DarkThemeProvider system theme uses platform brightness
00:06 +39: /Users/paras/Development/flutterprojects/vernet/test/values/strings_test.dart: string constants are defined
00:07 +40: /Users/paras/Development/flutterprojects/vernet/test/values/keys_test.dart: WidgetKey enum provides ValueKey and is comparable
00:07 +41: /Users/paras/Development/flutterprojects/vernet/test/utils/custom_axis_renderer_test.dart: valueToFactor maps 0 to 0
00:07 +42: /Users/paras/Development/flutterprojects/vernet/test/utils/custom_axis_renderer_test.dart: valueToFactor maps 5 to 0.125
00:07 +43: /Users/paras/Development/flutterprojects/vernet/test/utils/custom_axis_renderer_test.dart: valueToFactor maps 10 to 0.25
00:07 +44: /Users/paras/Development/flutterprojects/vernet/test/utils/custom_axis_renderer_test.dart: valueToFactor maps 1000 to 1.0
00:07 +45: /Users/paras/Development/flutterprojects/vernet/test/utils/device_util_test.dart: DeviceUtil.getDeviceMake returns "This device" when current device IP matches
00:07 +46: /Users/paras/Development/flutterprojects/vernet/test/utils/device_util_test.dart: DeviceUtil.getDeviceMake returns "Router/Gateway" when gateway IP matches
00:07 +47: /Users/paras/Development/flutterprojects/vernet/test/utils/device_util_test.dart: DeviceUtil.getDeviceMake returns mDNS domain name when present
00:07 +48: /Users/paras/Development/flutterprojects/vernet/test/utils/device_util_test.dart: DeviceUtil.getDeviceMake falls back to hostMake
00:07 +49: /Users/paras/Development/flutterprojects/vernet/test/utils/device_util_test.dart: DeviceUtil.getIconData returns desktop icon for current device on desktop platforms
00:07 +50: /Users/paras/Development/flutterprojects/vernet/test/utils/device_util_test.dart: DeviceUtil.getIconData returns router icon when internetAddress equals gatewayIp
00:07 +51: /Users/paras/Development/flutterprojects/vernet/test/utils/device_util_test.dart: DeviceUtil.getIconData returns generic devices icon otherwise
00:07 +52: /Users/paras/Development/flutterprojects/vernet/test/models/device_in_the_network_test.dart: (setUpAll)
00:07 +52: /Users/paras/Development/flutterprojects/vernet/test/models/device_in_the_network_test.dart: DeviceInTheNetwork can be created with basic constructor
00:07 +53: /Users/paras/Development/flutterprojects/vernet/test/models/device_in_the_network_test.dart: DeviceInTheNetwork can be created with custom icon
00:07 +54: /Users/paras/Development/flutterprojects/vernet/test/models/device_in_the_network_test.dart: DeviceInTheNetwork can store MAC address
00:07 +55: /Users/paras/Development/flutterprojects/vernet/test/models/device_in_the_network_test.dart: DeviceInTheNetwork MAC address returns empty string when not provided
00:07 +56: /Users/paras/Development/flutterprojects/vernet/test/models/device_in_the_network_test.dart: DeviceInTheNetwork internetAddress can be converted to string
00:07 +57: /Users/paras/Development/flutterprojects/vernet/test/models/device_in_the_network_test.dart: DeviceInTheNetwork hostId can be optional
00:07 +58: /Users/paras/Development/flutterprojects/vernet/test/models/device_in_the_network_test.dart: DeviceInTheNetwork hostId can be set
00:07 +59: /Users/paras/Development/flutterprojects/vernet/test/models/device_in_the_network_test.dart: DeviceInTheNetwork can access make as Future
00:07 +60: /Users/paras/Development/flutterprojects/vernet/test/models/device_in_the_network_test.dart: DeviceInTheNetwork mdns property can be set and retrieved
00:07 +61: /Users/paras/Development/flutterprojects/vernet/test/models/device_in_the_network_test.dart: DeviceInTheNetwork mdns can be set to null
00:07 +62: /Users/paras/Development/flutterprojects/vernet/test/models/device_in_the_network_test.dart: DeviceInTheNetwork.getDeviceMake returns "This device" when IP matches current device
00:07 +63: /Users/paras/Development/flutterprojects/vernet/test/models/device_in_the_network_test.dart: DeviceInTheNetwork.getDeviceMake returns "Router/Gateway" when IP matches gateway
00:07 +64: /Users/paras/Development/flutterprojects/vernet/test/models/device_in_the_network_test.dart: DeviceInTheNetwork.getDeviceMake returns hostMake when none of the conditions are met
00:07 +65: /Users/paras/Development/flutterprojects/vernet/test/models/device_in_the_network_test.dart: DeviceInTheNetwork.getDeviceMake handles null mdns correctly
00:07 +66: /Users/paras/Development/flutterprojects/vernet/test/models/device_in_the_network_test.dart: DeviceInTheNetwork.getHostIcon returns smartphone icon for current device on mobile
00:07 +67: /Users/paras/Development/flutterprojects/vernet/test/models/device_in_the_network_test.dart: DeviceInTheNetwork.getHostIcon returns computer icon for current device on desktop
00:07 +68: /Users/paras/Development/flutterprojects/vernet/test/models/device_in_the_network_test.dart: DeviceInTheNetwork.getHostIcon returns router icon for gateway
00:07 +69: /Users/paras/Development/flutterprojects/vernet/test/models/device_in_the_network_test.dart: DeviceInTheNetwork.getHostIcon returns devices icon for other hosts
00:07 +70: /Users/paras/Development/flutterprojects/vernet/test/models/device_in_the_network_test.dart: DeviceInTheNetwork.getHostIcon prioritizes current device check over gateway check
00:07 +71: /Users/paras/Development/flutterprojects/vernet/test/models/device_in_the_network_test.dart: DeviceInTheNetwork.createWithAllNecessaryFields creates device with correct icon for current device
00:07 +72: /Users/paras/Development/flutterprojects/vernet/test/models/device_in_the_network_test.dart: DeviceInTheNetwork.createWithAllNecessaryFields creates device with router icon for gateway
00:07 +73: /Users/paras/Development/flutterprojects/vernet/test/models/device_in_the_network_test.dart: DeviceInTheNetwork.createWithAllNecessaryFields creates device with correct make for other hosts
00:07 +74: /Users/paras/Development/flutterprojects/vernet/test/models/device_in_the_network_test.dart: DeviceInTheNetwork.createWithAllNecessaryFields creates device with devices icon for other hosts
00:07 +75: /Users/paras/Development/flutterprojects/vernet/test/models/device_in_the_network_test.dart: DeviceInTheNetwork.createFromActiveHost creates device from active host with correct properties
00:07 +76: /Users/paras/Development/flutterprojects/vernet/test/models/device_in_the_network_test.dart: DeviceInTheNetwork.createFromActiveHost creates device with correct icon for current device from active host
00:07 +77: /Users/paras/Development/flutterprojects/vernet/test/models/device_in_the_network_test.dart: DeviceInTheNetwork.createFromActiveHost creates device with router icon for gateway from active host
00:07 +78: /Users/paras/Development/flutterprojects/vernet/test/models/device_in_the_network_test.dart: (tearDownAll)
00:08 +78: /Users/paras/Development/flutterprojects/vernet/test/models/wifi_info_test.dart: WifiInfo getters ip returns fallback when null
00:08 +79: /Users/paras/Development/flutterprojects/vernet/test/models/wifi_info_test.dart: WifiInfo getters subnet derives from gateway
00:08 +80: /Users/paras/Development/flutterprojects/vernet/test/models/wifi_info_test.dart: WifiInfo getters name handles empty, quoted and normal values
00:08 +81: /Users/paras/Development/flutterprojects/vernet/test/models/wifi_info_test.dart: WifiInfo getters bssid falls back to default when null
00:08 +82: /Users/paras/Development/flutterprojects/vernet/test/models/port_test.dart: Port model constructs from json with all fields
00:08 +83: /Users/paras/Development/flutterprojects/vernet/test/models/port_test.dart: Port model handles udp ports
00:08 +84: /Users/paras/Development/flutterprojects/vernet/test/widget_test.dart: Widget test My first widget test
00:08 +85: /Users/paras/Development/flutterprojects/vernet/test/widget_test.dart: Widget test My first widget test
00:08 +86: /Users/paras/Development/flutterprojects/vernet/test/widget_test.dart: Widget test My first widget test
00:08 +87: /Users/paras/Development/flutterprojects/vernet/test/widget_test.dart: Widget test My first widget test
00:08 +88: /Users/paras/Development/flutterprojects/vernet/test/widget_test.dart: Widget test My first widget test
00:08 +89: /Users/paras/Development/flutterprojects/vernet/test/widget_test.dart: Widget test My first widget test
00:08 +90: /Users/paras/Development/flutterprojects/vernet/test/widget_test.dart: Widget test My first widget test
00:08 +91: /Users/paras/Development/flutterprojects/vernet/test/widget_test.dart: Widget test My first widget test
00:08 +92: /Users/paras/Development/flutterprojects/vernet/test/widget_test.dart: Widget test My first widget test
00:09 +93: /Users/paras/Development/flutterprojects/vernet/test/pages/settings_page_test.dart: SettingsPage SettingsPage widget can be instantiated
00:09 +94: /Users/paras/Development/flutterprojects/vernet/test/pages/settings_page_test.dart: SettingsPage SettingsPage is StatefulWidget
00:09 +95: /Users/paras/Development/flutterprojects/vernet/test/pages/port_scan_page/port_scan_bloc_test.dart: PortScanBloc initial state is PortScanState.initial
00:09 +96: /Users/paras/Development/flutterprojects/vernet/test/pages/port_scan_page/port_scan_bloc_test.dart: PortScanBloc handles events without throwing
00:09 +97: /Users/paras/Development/flutterprojects/vernet/test/pages/dns/dns_page_test.dart: DNSPage DNSPage widget can be instantiated
00:09 +98: /Users/paras/Development/flutterprojects/vernet/test/pages/dns/dns_page_test.dart: DNSPage DNSPage is StatefulWidget
00:09 +99: /Users/paras/Development/flutterprojects/vernet/test/pages/dns/reverse_dns_page_test.dart: ReverseDNSPage ReverseDNSPage widget can be instantiated
00:09 +100: /Users/paras/Development/flutterprojects/vernet/test/pages/dns/reverse_dns_page_test.dart: ReverseDNSPage ReverseDNSPage is StatefulWidget
00:10 +101: /Users/paras/Development/flutterprojects/vernet/test/pages/isp_page/isp_page_widget_test.dart: IspPageWidget IspPageWidget displays Container on initial state
00:10 +102: /Users/paras/Development/flutterprojects/vernet/test/pages/isp_page/isp_page_widget_test.dart: IspPageWidget IspPageWidget displays Container on initial state
00:10 +103: /Users/paras/Development/flutterprojects/vernet/test/pages/isp_page/isp_page_widget_test.dart: IspPageWidget IspPageWidget displays Container on initial state
00:10 +104: /Users/paras/Development/flutterprojects/vernet/test/pages/isp_page/isp_page_widget_test.dart: IspPageWidget IspPageWidget displays Container on initial state
00:10 +105: /Users/paras/Development/flutterprojects/vernet/test/pages/isp_page/isp_page_widget_test.dart: IspPageWidget IspPageWidget displays Container on initial state
00:10 +106: /Users/paras/Development/flutterprojects/vernet/test/pages/isp_page/isp_page_widget_test.dart: IspPageWidget IspPageWidget displays Container on initial state
00:10 +107: /Users/paras/Development/flutterprojects/vernet/test/pages/isp_page/isp_page_widget_test.dart: IspPageWidget IspPageWidget displays Container on initial state
00:10 +108: /Users/paras/Development/flutterprojects/vernet/test/pages/isp_page/isp_page_bloc_test.dart: IspPageBloc emits LoadSuccess with sorted servers on successful getBestServers
00:10 +109: /Users/paras/Development/flutterprojects/vernet/test/pages/isp_page/isp_page_widget_test.dart: IspPageWidget IspPageWidget displays loading indicator on LoadInProgress
00:10 +110: /Users/paras/Development/flutterprojects/vernet/test/pages/isp_page/isp_page_bloc_test.dart: IspPageBloc emits LoadFailure when getBestServers throws exception
00:10 +111: /Users/paras/Development/flutterprojects/vernet/test/pages/isp_page/isp_page_bloc_test.dart: IspPageBloc emits LoadFailure when getBestServers throws exception
00:10 +112: /Users/paras/Development/flutterprojects/vernet/test/pages/isp_page/isp_page_widget_test.dart: IspPageWidget IspPageWidget displays servers on LoadSuccess
00:10 +113: /Users/paras/Development/flutterprojects/vernet/test/pages/isp_page/isp_page_widget_test.dart: IspPageWidget IspPageWidget displays servers on LoadSuccess
00:10 +114: /Users/paras/Development/flutterprojects/vernet/test/pages/isp_page/isp_page_bloc_test.dart: IspPageBloc handles Failed event without crashing
00:10 +115: /Users/paras/Development/flutterprojects/vernet/test/pages/isp_page/isp_page_bloc_test.dart: IspPageBloc handles Failed event without crashing
00:10 +116: /Users/paras/Development/flutterprojects/vernet/test/pages/isp_page/isp_page_widget_test.dart: IspPageWidget IspPageContent displays rating bar
00:10 +117: /Users/paras/Development/flutterprojects/vernet/test/pages/isp_page/isp_page_bloc_test.dart: IspPageBloc state transitions correctly through loading sequence
00:10 +118: /Users/paras/Development/flutterprojects/vernet/test/pages/isp_page/isp_page_bloc_test.dart: IspPageBloc state transitions correctly through loading sequence
00:10 +119: /Users/paras/Development/flutterprojects/vernet/test/pages/isp_page/isp_page_bloc_test.dart: IspPageBloc state transitions correctly through loading sequence
00:10 +120: /Users/paras/Development/flutterprojects/vernet/test/pages/isp_page/isp_page_bloc_test.dart: IspPageBloc state transitions correctly through loading sequence
00:10 +121: /Users/paras/Development/flutterprojects/vernet/test/pages/isp_page/isp_page_bloc_test.dart: IspPageBloc state transitions correctly through loading sequence
00:10 +122: /Users/paras/Development/flutterprojects/vernet/test/pages/isp_page/isp_page_bloc_test.dart: IspPageBloc state transitions correctly through loading sequence
00:10 +123: /Users/paras/Development/flutterprojects/vernet/test/pages/isp_page/isp_page_bloc_test.dart: IspPageBloc handles empty server list from getBestServers
00:11 +124: /Users/paras/Development/flutterprojects/vernet/test/pages/isp_page/isp_page_bloc_test.dart: IspPageBloc closes without errors
00:11 +125: /Users/paras/Development/flutterprojects/vernet/test/pages/isp_page/isp_page_bloc_test.dart: IspPageBloc handles multiple servers with same latency
00:11 +126: /Users/paras/Development/flutterprojects/vernet/test/pages/isp_page/isp_page_bloc_test.dart: IspPageBloc handles multiple servers with same latency
00:11 +127: /Users/paras/Development/flutterprojects/vernet/test/pages/isp_page/isp_page_bloc_test.dart: IspPageBloc adds Completed event after successful retrieval
00:11 +127: /Users/paras/Development/flutterprojects/vernet/test/helper/app_settings_test.dart: AppSettings has correct default values
Fetching all app settings
First subnet : 1
Last subnet : 254
Socket timeout : 500
Ping count : 5
In-App Internet : false
Run scan on startup : false
Custom Subnet : 
00:11 +128: /Users/paras/Development/flutterprojects/vernet/test/pages/isp_page/isp_page_bloc_test.dart: IspPageBloc adds Completed event after successful retrieval
00:11 +128: /Users/paras/Development/flutterprojects/vernet/test/helper/app_settings_test.dart: AppSettings persists and reloads updated values
Fetching all app settings
First subnet : 1
Last subnet : 254
Socket timeout : 500
Ping count : 5
In-App Internet : false
Run scan on startup : false
Custom Subnet : 
Fetching all app settings
First subnet : 10
Last subnet : 200
Socket timeout : 250
Ping count : 7
In-App Internet : true
Run scan on startup : true
Custom Subnet : 192.168.1.0
00:11 +129: /Users/paras/Development/flutterprojects/vernet/test/pages/isp_page/isp_page_bloc_test.dart: IspPageBloc adds Completed event after successful retrieval
00:11 +130: /Users/paras/Development/flutterprojects/vernet/test/pages/isp_page/isp_page_bloc_test.dart: IspPageBloc adds Failed event after retrieval failure
00:11 +131: /Users/paras/Development/flutterprojects/vernet/test/helper/dark_theme_preference_test.dart: DarkThemePreference returns system theme when nothing stored
00:11 +132: /Users/paras/Development/flutterprojects/vernet/test/helper/dark_theme_preference_test.dart: DarkThemePreference persists and returns dark theme
00:11 +133: /Users/paras/Development/flutterprojects/vernet/test/helper/dark_theme_preference_test.dart: DarkThemePreference persists and returns light theme
00:11 +134: /Users/paras/Development/flutterprojects/vernet/test/helper/consent_loader_test.dart: ConsentLoader defaults to false when nothing stored
00:11 +135: /Users/paras/Development/flutterprojects/vernet/test/helper/consent_loader_test.dart: ConsentLoader persists and returns true
00:11 +136: /Users/paras/Development/flutterprojects/vernet/test/helper/consent_loader_test.dart: ConsentLoader can toggle back to false
00:11 +137: /Users/paras/Development/flutterprojects/vernet/test/services/device_scanner_service_test.dart: DeviceScannerService can be instantiated
00:11 +138: All tests passed!
